02:48:20 [INFO] Project root: F:\Jack\Project\Godgrave\Public\Godgrave\Source\Build
02:48:20 [INFO] Reading Build.html
02:48:20 [INFO] Found 33 local module(s)
02:48:20 [INFO] Inlining src/core/i18n.js
02:48:20 [INFO] Skipping external script: https://unpkg.com/peerjs@1.5.4/dist/peerjs.min.js
02:48:20 [INFO] Inlining src/core/engine.js
02:48:20 [INFO] Inlining src/core/math.js
02:48:20 [INFO] Inlining src/core/entity.js
02:48:20 [INFO] Inlining src/core/debug-config.js
02:48:20 [INFO] Inlining src/core/settings.js
02:48:20 [INFO] Inlining src/systems/fx.js
02:48:20 [INFO] Inlining src/systems/buff.js
02:48:20 [INFO] Inlining src/systems/audio.js
02:48:20 [INFO] Inlining src/systems/sprites.js
02:48:20 [INFO] Inlining src/combat/weapons.js
02:48:20 [INFO] Inlining src/combat/flail.js
02:48:20 [INFO] Inlining src/combat/tapesword.js
02:48:20 [INFO] Inlining src/combat/ranged.js
02:48:20 [INFO] Inlining src/combat/debug-balls.js
02:48:20 [INFO] Inlining src/combat/combat.js
02:48:20 [INFO] Inlining src/combat/factions.js
02:48:20 [INFO] Inlining src/ai/ai.js
02:48:20 [INFO] Inlining src/modes/survival.js
02:48:20 [INFO] Inlining src/input/keyboard-layout.js
02:48:20 [INFO] Inlining src/input/player-controls.js
02:48:20 [INFO] Inlining src/arena/arena.js
02:48:20 [INFO] Inlining src/ui/hud.js
02:48:20 [INFO] Inlining src/main.js
02:48:20 [INFO] Inlining src/ui/mobile.js
02:48:20 [INFO] Inlining src/network/net-ui.js
02:48:20 [INFO] Inlining src/network/net-core.js
02:48:20 [INFO] Inlining src/network/net-sync.js
02:48:20 [INFO] Inlining src/network/net-lobby.js
02:48:20 [INFO] Inlining src/network/net-relay.js
02:48:20 [INFO] Inlining src/network/net-effects.js
02:48:20 [INFO] Inlining src/input/gamepad-adapter.js
02:48:20 [INFO] Inlining src/input/gamepad-controls.js
02:48:20 [INFO] Writing Build.standalone.html
02:48:20 [INFO] Created Build.standalone.html: 33 local modules inlined.
